// Jest Snapshot v1, https://goo.gl/fbAQLP

exports[`<App /> login renders correctly 1`] = `
[
  <View />,
  <View
    style={
      {
        "alignItems": "center",
        "backgroundColor": "#F8F8F8",
        "flex": 1,
        "justifyContent": "center",
      }
    }
  >
    <Image
      source={1}
      style={
        {
          "height": 250,
          "marginBottom": 0,
          "width": 250,
        }
      }
    />
    <View
      style={
        {
          "alignItems": "center",
          "backgroundColor": "white",
          "borderRadius": 20,
          "elevation": 2,
          "justifyContent": "center",
          "padding": 20,
          "shadowColor": "rgba(0, 0, 0, 0.2)",
          "shadowOffset": {
            "height": 2,
            "width": 0,
          },
          "shadowOpacity": 1,
          "shadowRadius": 2,
          "width": "80%",
        }
      }
    >
      <TextInput
        onChangeText={[Function]}
        placeholder="Email"
        style={
          {
            "borderRadius": 5,
            "borderWidth": 1,
            "height": 40,
            "marginVertical": 10,
            "padding": 10,
            "width": "100%",
          }
        }
      />
      <TextInput
        onChangeText={[Function]}
        placeholder="Password"
        secureTextEntry={true}
        style={
          {
            "borderRadius": 5,
            "borderWidth": 1,
            "height": 40,
            "marginVertical": 10,
            "padding": 10,
            "width": "100%",
          }
        }
      />
      <View
        accessibilityRole="button"
        accessibilityState={
          {
            "busy": undefined,
            "checked": undefined,
            "disabled": undefined,
            "expanded": undefined,
            "selected": undefined,
          }
        }
        accessibilityValue={
          {
            "max": undefined,
            "min": undefined,
            "now": undefined,
            "text": undefined,
          }
        }
        accessible={true}
        collapsable={false}
        focusable={true}
        onClick={[Function]}
        onResponderGrant={[Function]}
        onResponderMove={[Function]}
        onResponderRelease={[Function]}
        onResponderTerminate={[Function]}
        onResponderTerminationRequest={[Function]}
        onStartShouldSetResponder={[Function]}
        style={
          {
            "opacity": 1,
          }
        }
      >
        <View
          style={
            [
              {},
            ]
          }
        >
          <Text
            style={
              [
                {
                  "color": "#007AFF",
                  "fontSize": 18,
                  "margin": 8,
                  "textAlign": "center",
                },
              ]
            }
          >
            Sign In
          </Text>
        </View>
      </View>
    </View>
    <Text
      onPress={[Function]}
      style={
        {
          "color": "#007BFF",
          "marginTop": 20,
          "textDecorationLine": "underline",
        }
      }
    >
      Don't have an account? Sign Up.
    </Text>
  </View>,
]
`;
